Category: 📺央视频道, Name: CCTV-1, Total: 6, Valid: 4, Valid Percent: 66.67%, Whitelist: 0, IPv4: 2, IPv6: 4, Min Delay: 66 ms, Max Speed: 46.66 M/s, Avg Speed: 26.94 M/s, Max Resolution: 1920x1080
Category: 📺央视频道, Name: CCTV-2, Total: 4, Valid: 4, Valid Percent: 100.00%, Whitelist: 0, IPv4: 2, IPv6: 2, Min Delay: 66 ms, Max Speed: 46.66 M/s, Avg Speed: 13.70 M/s, Max Resolution: 1920x1080
Category: 📺央视频道, Name: CCTV-3, Total: 6, Valid: 6, Valid Percent: 100.00%, Whitelist: 0, IPv4: 2, IPv6: 4, Min Delay: 63 ms, Max Speed: 46.66 M/s, Avg Speed: 11.52 M/s, Max Resolution: 1920x1080
Category: 📺央视频道, Name: CCTV-4, Total: 5, Valid: 5, Valid Percent: 100.00%, Whitelist: 0, IPv4: 2, IPv6: 3, Min Delay: 63 ms, Max Speed: 46.66 M/s, Avg Speed: 12.32 M/s, Max Resolution: 1920x1080
Category: 📺央视频道, Name: CCTV-5, Total: 7, Valid: 7, Valid Percent: 100.00%, Whitelist: 0, IPv4: 4, IPv6: 3, Min Delay: 63 ms, Max Speed: 46.66 M/s, Avg Speed: 8.91 M/s, Max Resolution: 1920x1080
Category: 📺央视频道, Name: CCTV-5+, Total: 5, Valid: 5, Valid Percent: 100.00%, Whitelist: 0, IPv4: 2, IPv6: 3, Min Delay: 63 ms, Max Speed: 46.66 M/s, Avg Speed: 12.39 M/s, Max Resolution: 1920x1080
Category: 📺央视频道, Name: CCTV-6, Total: 7, Valid: 7, Valid Percent: 100.00%, Whitelist: 0, IPv4: 4, IPv6: 3, Min Delay: 63 ms, Max Speed: 46.66 M/s, Avg Speed: 8.85 M/s, Max Resolution: 1920x1080
Category: 📺央视频道, Name: CCTV-7, Total: 8, Valid: 8, Valid Percent: 100.00%, Whitelist: 0, IPv4: 5, IPv6: 3, Min Delay: 63 ms, Max Speed: 46.66 M/s, Avg Speed: 7.91 M/s, Max Resolution: 1920x1080
Category: 📺央视频道, Name: CCTV-8, Total: 9, Valid: 9, Valid Percent: 100.00%, Whitelist: 0, IPv4: 6, IPv6: 3, Min Delay: 63 ms, Max Speed: 46.66 M/s, Avg Speed: 6.91 M/s, Max Resolution: 1920x1080
Category: 📺央视频道, Name: CCTV-9, Total: 7, Valid: 7, Valid Percent: 100.00%, Whitelist: 0, IPv4: 4, IPv6: 3, Min Delay: 63 ms, Max Speed: 46.66 M/s, Avg Speed: 8.90 M/s, Max Resolution: 1920x1080
Category: 📺央视频道, Name: CCTV-10, Total: 5, Valid: 5, Valid Percent: 100.00%, Whitelist: 0, IPv4: 3, IPv6: 2, Min Delay: 63 ms, Max Speed: 7.60 M/s, Avg Speed: 3.03 M/s, Max Resolution: 1920x1080
Category: 📺央视频道, Name: CCTV-11, Total: 8, Valid: 8, Valid Percent: 100.00%, Whitelist: 0, IPv4: 5, IPv6: 3, Min Delay: 63 ms, Max Speed: 46.66 M/s, Avg Speed: 7.79 M/s, Max Resolution: 1920x1080
Category: 📺央视频道, Name: CCTV-12, Total: 13, Valid: 13, Valid Percent: 100.00%, Whitelist: 0, IPv4: 8, IPv6: 5, Min Delay: 63 ms, Max Speed: 46.66 M/s, Avg Speed: 4.83 M/s, Max Resolution: 1920x1080
Category: 📺央视频道, Name: CCTV-13, Total: 17, Valid: 17, Valid Percent: 100.00%, Whitelist: 0, IPv4: 6, IPv6: 11, Min Delay: 63 ms, Max Speed: 96.15 M/s, Avg Speed: 12.47 M/s, Max Resolution: 1920x1080
Category: 📺央视频道, Name: CCTV-14, Total: 9, Valid: 9, Valid Percent: 100.00%, Whitelist: 0, IPv4: 4, IPv6: 5, Min Delay: 63 ms, Max Speed: 46.66 M/s, Avg Speed: 7.02 M/s, Max Resolution: 1920x1080
Category: 📺央视频道, Name: CCTV-15, Total: 9, Valid: 9, Valid Percent: 100.00%, Whitelist: 0, IPv4: 6, IPv6: 3, Min Delay: 63 ms, Max Speed: 7.60 M/s, Avg Speed: 1.72 M/s, Max Resolution: 1920x1080
Category: 📺央视频道, Name: CCTV-16, Total: 5, Valid: 3, Valid Percent: 60.00%, Whitelist: 0, IPv4: 3, IPv6: 2, Min Delay: 123 ms, Max Speed: 46.66 M/s, Avg Speed: 15.79 M/s, Max Resolution: 1920x1080
Category: 📺央视频道, Name: CCTV-17, Total: 8, Valid: 7, Valid Percent: 87.50%, Whitelist: 0, IPv4: 5, IPv6: 3, Min Delay: 63 ms, Max Speed: 46.66 M/s, Avg Speed: 8.87 M/s, Max Resolution: 1920x1080
Category: 📡卫视频道, Name: 广东卫视, Total: 11, Valid: 11, Valid Percent: 100.00%, Whitelist: 0, IPv4: 9, IPv6: 2, Min Delay: 8 ms, Max Speed: 166.26 M/s, Avg Speed: 35.23 M/s, Max Resolution: 1920x1080
Category: 📡卫视频道, Name: 浙江卫视, Total: 12, Valid: 12, Valid Percent: 100.00%, Whitelist: 0, IPv4: 7, IPv6: 5, Min Delay: 123 ms, Max Speed: 46.66 M/s, Avg Speed: 4.08 M/s, Max Resolution: 1920x1080
Category: 📡卫视频道, Name: 湖南卫视, Total: 13, Valid: 12, Valid Percent: 92.31%, Whitelist: 0, IPv4: 12, IPv6: 1, Min Delay: 8 ms, Max Speed: 166.26 M/s, Avg Speed: 18.76 M/s, Max Resolution: 1920x1080
Category: 📡卫视频道, Name: 北京卫视, Total: 10, Valid: 10, Valid Percent: 100.00%, Whitelist: 0, IPv4: 8, IPv6: 2, Min Delay: 17 ms, Max Speed: 46.66 M/s, Avg Speed: 5.31 M/s, Max Resolution: 1920x1080
Category: 📡卫视频道, Name: 湖北卫视, Total: 11, Valid: 11, Valid Percent: 100.00%, Whitelist: 0, IPv4: 8, IPv6: 3, Min Delay: 17 ms, Max Speed: 46.66 M/s, Avg Speed: 5.50 M/s, Max Resolution: 1920x1080
Category: 📡卫视频道, Name: 黑龙江卫视, Total: 13, Valid: 13, Valid Percent: 100.00%, Whitelist: 0, IPv4: 10, IPv6: 3, Min Delay: 17 ms, Max Speed: 46.66 M/s, Avg Speed: 4.16 M/s, Max Resolution: 1920x1080
Category: 📡卫视频道, Name: 安徽卫视, Total: 17, Valid: 17, Valid Percent: 100.00%, Whitelist: 0, IPv4: 16, IPv6: 1, Min Delay: 123 ms, Max Speed: 46.66 M/s, Avg Speed: 2.84 M/s, Max Resolution: 1920x1080
Category: 📡卫视频道, Name: 重庆卫视, Total: 14, Valid: 13, Valid Percent: 92.86%, Whitelist: 0, IPv4: 13, IPv6: 1, Min Delay: 17 ms, Max Speed: 46.66 M/s, Avg Speed: 4.10 M/s, Max Resolution: 1920x1080
Category: 📡卫视频道, Name: 东方卫视, Total: 20, Valid: 20, Valid Percent: 100.00%, Whitelist: 0, IPv4: 15, IPv6: 5, Min Delay: 8 ms, Max Speed: 166.26 M/s, Avg Speed: 11.21 M/s, Max Resolution: 1920x1080
Category: 📡卫视频道, Name: 东南卫视, Total: 16, Valid: 15, Valid Percent: 93.75%, Whitelist: 0, IPv4: 11, IPv6: 5, Min Delay: 66 ms, Max Speed: 46.66 M/s, Avg Speed: 3.92 M/s, Max Resolution: 1920x1080
Category: 📡卫视频道, Name: 甘肃卫视, Total: 5, Valid: 5, Valid Percent: 100.00%, Whitelist: 0, IPv4: 3, IPv6: 2, Min Delay: 123 ms, Max Speed: 46.66 M/s, Avg Speed: 9.73 M/s, Max Resolution: 1920x1080
Category: 📡卫视频道, Name: 广西卫视, Total: 17, Valid: 16, Valid Percent: 94.12%, Whitelist: 0, IPv4: 13, IPv6: 4, Min Delay: 123 ms, Max Speed: 46.66 M/s, Avg Speed: 4.10 M/s, Max Resolution: 1920x1080
Category: 📡卫视频道, Name: 贵州卫视, Total: 14, Valid: 14, Valid Percent: 100.00%, Whitelist: 0, IPv4: 13, IPv6: 1, Min Delay: 123 ms, Max Speed: 46.66 M/s, Avg Speed: 3.43 M/s, Max Resolution: 1920x1080
Category: 📡卫视频道, Name: 海南卫视, Total: 8, Valid: 7, Valid Percent: 87.50%, Whitelist: 0, IPv4: 6, IPv6: 2, Min Delay: 17 ms, Max Speed: 46.66 M/s, Avg Speed: 8.59 M/s, Max Resolution: 1920x1080
Category: 📡卫视频道, Name: 河北卫视, Total: 18, Valid: 17, Valid Percent: 94.44%, Whitelist: 0, IPv4: 15, IPv6: 3, Min Delay: 17 ms, Max Speed: 46.66 M/s, Avg Speed: 3.21 M/s, Max Resolution: 1920x1080
Category: 📡卫视频道, Name: 河南卫视, Total: 17, Valid: 16, Valid Percent: 94.12%, Whitelist: 0, IPv4: 15, IPv6: 2, Min Delay: 61 ms, Max Speed: 46.66 M/s, Avg Speed: 5.58 M/s, Max Resolution: 1920x1080
Category: 📡卫视频道, Name: 吉林卫视, Total: 17, Valid: 17, Valid Percent: 100.00%, Whitelist: 0, IPv4: 15, IPv6: 2, Min Delay: 66 ms, Max Speed: 46.66 M/s, Avg Speed: 3.27 M/s, Max Resolution: 1920x1080
Category: 📡卫视频道, Name: 江苏卫视, Total: 18, Valid: 18, Valid Percent: 100.00%, Whitelist: 0, IPv4: 16, IPv6: 2, Min Delay: 8 ms, Max Speed: 166.26 M/s, Avg Speed: 12.30 M/s, Max Resolution: 1920x1080
Category: 📡卫视频道, Name: 江西卫视, Total: 19, Valid: 19, Valid Percent: 100.00%, Whitelist: 0, IPv4: 17, IPv6: 2, Min Delay: 17 ms, Max Speed: 46.66 M/s, Avg Speed: 3.21 M/s, Max Resolution: 1920x1080
Category: 📡卫视频道, Name: 辽宁卫视, Total: 11, Valid: 11, Valid Percent: 100.00%, Whitelist: 0, IPv4: 10, IPv6: 1, Min Delay: 123 ms, Max Speed: 46.66 M/s, Avg Speed: 4.33 M/s, Max Resolution: 1920x1080
Category: 📡卫视频道, Name: 内蒙古卫视, Total: 8, Valid: 8, Valid Percent: 100.00%, Whitelist: 0, IPv4: 7, IPv6: 1, Min Delay: 17 ms, Max Speed: 46.66 M/s, Avg Speed: 6.58 M/s, Max Resolution: 720x576
Category: 📡卫视频道, Name: 宁夏卫视, Total: 9, Valid: 9, Valid Percent: 100.00%, Whitelist: 0, IPv4: 8, IPv6: 1, Min Delay: 123 ms, Max Speed: 46.66 M/s, Avg Speed: 5.27 M/s, Max Resolution: 1920x1080
Category: 📡卫视频道, Name: 青海卫视, Total: 9, Valid: 9, Valid Percent: 100.00%, Whitelist: 0, IPv4: 7, IPv6: 2, Min Delay: 17 ms, Max Speed: 46.66 M/s, Avg Speed: 6.66 M/s, Max Resolution: 1920x1080
Category: 📡卫视频道, Name: 山东卫视, Total: 17, Valid: 17, Valid Percent: 100.00%, Whitelist: 0, IPv4: 15, IPv6: 2, Min Delay: 123 ms, Max Speed: 46.66 M/s, Avg Speed: 2.83 M/s, Max Resolution: 1920x1080
Category: 📡卫视频道, Name: 山西卫视, Total: 12, Valid: 11, Valid Percent: 91.67%, Whitelist: 0, IPv4: 9, IPv6: 3, Min Delay: 17 ms, Max Speed: 46.66 M/s, Avg Speed: 4.87 M/s, Max Resolution: 1920x1080
Category: 📡卫视频道, Name: 陕西卫视, Total: 12, Valid: 11, Valid Percent: 91.67%, Whitelist: 0, IPv4: 10, IPv6: 2, Min Delay: 17 ms, Max Speed: 46.66 M/s, Avg Speed: 5.47 M/s, Max Resolution: 1920x1080
Category: 📡卫视频道, Name: 四川卫视, Total: 17, Valid: 17, Valid Percent: 100.00%, Whitelist: 0, IPv4: 16, IPv6: 1, Min Delay: 17 ms, Max Speed: 46.66 M/s, Avg Speed: 3.14 M/s, Max Resolution: 1920x1080
Category: 📡卫视频道, Name: 深圳卫视, Total: 17, Valid: 17, Valid Percent: 100.00%, Whitelist: 0, IPv4: 15, IPv6: 2, Min Delay: 123 ms, Max Speed: 46.66 M/s, Avg Speed: 2.84 M/s, Max Resolution: 1920x1080
Category: 📡卫视频道, Name: 三沙卫视, Total: 3, Valid: 3, Valid Percent: 100.00%, Whitelist: 0, IPv4: 3, IPv6: 0, Min Delay: 3183 ms, Max Speed: 0.93 M/s, Avg Speed: 0.63 M/s, Max Resolution: 1280x720
Category: 📡卫视频道, Name: 天津卫视, Total: 22, Valid: 21, Valid Percent: 95.45%, Whitelist: 0, IPv4: 20, IPv6: 2, Min Delay: 123 ms, Max Speed: 46.66 M/s, Avg Speed: 2.36 M/s, Max Resolution: 1920x1080
Category: 📡卫视频道, Name: 西藏卫视, Total: 12, Valid: 12, Valid Percent: 100.00%, Whitelist: 0, IPv4: 9, IPv6: 3, Min Delay: 17 ms, Max Speed: 46.66 M/s, Avg Speed: 4.51 M/s, Max Resolution: 1920x1080
Category: 📡卫视频道, Name: 新疆卫视, Total: 12, Valid: 12, Valid Percent: 100.00%, Whitelist: 0, IPv4: 9, IPv6: 3, Min Delay: 17 ms, Max Speed: 46.66 M/s, Avg Speed: 4.55 M/s, Max Resolution: 1920x1080
Category: 📡卫视频道, Name: 云南卫视, Total: 13, Valid: 13, Valid Percent: 100.00%, Whitelist: 0, IPv4: 12, IPv6: 1, Min Delay: 123 ms, Max Speed: 46.66 M/s, Avg Speed: 3.72 M/s, Max Resolution: 1920x1080
Category: 📡湖南地方频道, Name: 湖南娱乐, Total: 2, Valid: 2, Valid Percent: 100.00%, Whitelist: 0, IPv4: 1, IPv6: 1, Min Delay: 123 ms, Max Speed: 46.66 M/s, Avg Speed: 23.34 M/s, Max Resolution: None
Category: 📡湖南地方频道, Name: 湖南都市, Total: 2, Valid: 2, Valid Percent: 100.00%, Whitelist: 0, IPv4: 1, IPv6: 1, Min Delay: 123 ms, Max Speed: 46.66 M/s, Avg Speed: 23.34 M/s, Max Resolution: None
Category: 📡湖南地方频道, Name: 快乐垂钓, Total: 3, Valid: 3, Valid Percent: 100.00%, Whitelist: 0, IPv4: 2, IPv6: 1, Min Delay: 123 ms, Max Speed: 46.66 M/s, Avg Speed: 15.56 M/s, Max Resolution: None
Category: 📡湖南地方频道, Name: 金鹰卡通, Total: 3, Valid: 3, Valid Percent: 100.00%, Whitelist: 0, IPv4: 3, IPv6: 0, Min Delay: 1297 ms, Max Speed: 0.06 M/s, Avg Speed: 0.04 M/s, Max Resolution: 720x576
